// Jest Snapshot v1, https://goo.gl/fbAQLP

exports[`Autocomplete renders matching snapshot 1`] = `
<div
  className="autoCompList"
  role="list"
  style={
    Object {
      "display": "none",
    }
  }
/>
`;
