// Jest Snapshot v1, https://goo.gl/fbAQLP

exports[`ExploreFeed renders correctly without results 1`] = `
<div
  className="feed"
>
  <div
    className="feed__item ui segment"
    key="_uTRAwAAQBAJ"
  >
    <Link
      className="feed__item_link"
      replace={false}
      to={
        Object {
          "pathname": "/explore/_uTRAwAAQBAJ",
          "state": Object {
            "authorsJoined": "author first, author second",
            "description": "Many webmasters don't have time to learn a high level programming language, ",
            "formattedPubDate": "12/01/1995",
            "thumbnail": "http://books.google.com/books/content?id=9gUJAQAAMAAJ&printsec=frontcover&img=1&zoom=5&source=gbs_api",
            "title": "Practical Modern JavaScript",
          },
        }
      }
    >
      <div
        className="content"
      >
        <div
          className="ui tiny left floated image"
        >
          <img
            alt=""
            src="http://books.google.com/books/content?id=9gUJAQAAMAAJ&printsec=frontcover&img=1&zoom=5&source=gbs_api"
          />
        </div>
        <h3
          className="header feed__item_title"
        >
          Practical Modern JavaScript
        </h3>
        <div
          className="meta authors"
        >
          author first, author second
        </div>
        <div
          className="meta feed__item_date"
        >
          12/01/1995
        </div>
        <div
          className="description feed__item_description"
          dangerouslySetInnerHTML={
            Object {
              "__html": "Many webmasters don't have time to learn a high level programming language, ",
            }
          }
        />
      </div>
    </Link>
  </div>
  <div
    className="feed__item ui segment"
    key="vmE4nBg4mpc"
  >
    <Link
      className="feed__item_link"
      replace={false}
      to={
        Object {
          "pathname": "/explore/vmE4nBg4mpc",
          "state": Object {
            "authorsJoined": "author first, author second",
            "description": "Lorem ipsum",
            "formattedPubDate": "12/01/2009",
            "thumbnail": "http://image.com",
            "title": "Functional JavaScript",
          },
        }
      }
    >
      <div
        className="content"
      >
        <div
          className="ui tiny left floated image"
        >
          <img
            alt=""
            src="http://image.com"
          />
        </div>
        <h3
          className="header feed__item_title"
        >
          Functional JavaScript
        </h3>
        <div
          className="meta authors"
        >
          author first, author second
        </div>
        <div
          className="meta feed__item_date"
        >
          12/01/2009
        </div>
        <div
          className="description feed__item_description"
          dangerouslySetInnerHTML={
            Object {
              "__html": "Lorem ipsum",
            }
          }
        />
      </div>
    </Link>
  </div>
</div>
`;
